---
apiVersion: apps/v1
kind: Deployment
metadata:
  name: simple-deployment
  namespace: simple-namespace
  labels:
    app: simple
spec:
  replicas: 1
  selector:
    matchLabels:
      app: simple
  template:
    metadata:
      labels:
        app: simple
    spec:
      containers:
        - name: simple
          image: simple-company/simple:latest
          ports:
            - containerPort: 80
